[themewagon.github.io/unfold/index.html]
[backblue.gif]
[fade.gif]
[index.html]
[themewagon.github.io/unfold/css/vendor/icomoon/style.css]
[themewagon.github.io/unfold/css/vendor/owl.carousel.min.css]
[themewagon.github.io/unfold/css/vendor/animate.min.css]
[themewagon.github.io/unfold/css/vendor/aos.css]
[themewagon.github.io/unfold/css/vendor/bootstrap.min.css]
[themewagon.github.io/unfold/css/vendor/jquery.fancybox.min.css]
[themewagon.github.io/unfold/css/style.css]
[themewagon.github.io/unfold/index-2.html]
[themewagon.github.io/unfold/index-video.html]
[themewagon.github.io/unfold/index-hero-slider.html]
[themewagon.github.io/unfold/index-sidebar-menu.html]
[themewagon.github.io/unfold/index-right-menu.html]
[themewagon.github.io/unfold/images/cover_bg_2.jpg]
[themewagon.github.io/unfold/portfolio-single-1.html]
[themewagon.github.io/unfold/images/work_1_md.jpg]
[themewagon.github.io/unfold/portfolio-single-3.html]
[themewagon.github.io/unfold/images/work_2_md.jpg]
[themewagon.github.io/unfold/portfolio-single-4.html]
[themewagon.github.io/unfold/images/work_3_md.jpg]
[themewagon.github.io/unfold/images/work_4_full.jpg]
[themewagon.github.io/unfold/images/work_5_md.jpg]
[themewagon.github.io/unfold/portfolio-single-2.html]
[themewagon.github.io/unfold/images/work_6_md.jpg]
[themewagon.github.io/unfold/images/work_7_a_md.jpg]
[themewagon.github.io/unfold/images/work_8_md.jpg]
[themewagon.github.io/unfold/images/work_9_a_md.jpg]
[themewagon.github.io/unfold/images/logo-google.png]
[themewagon.github.io/unfold/images/logo-puma.png]
[themewagon.github.io/unfold/images/logo-paypal.png]
[themewagon.github.io/unfold/images/logo-adobe.png]
[themewagon.github.io/unfold/images/divider.png]
[themewagon.github.io/unfold/images/about_me_pic2.jpg]
[themewagon.github.io/unfold/images/svg/001-options.svg]
[themewagon.github.io/unfold/images/svg/002-chat.svg]
[themewagon.github.io/unfold/images/svg/003-contact-book.svg]
[themewagon.github.io/unfold/images/svg/004-percentage.svg]
[themewagon.github.io/unfold/images/svg/006-goal.svg]
[themewagon.github.io/unfold/images/svg/005-line-chart.svg]
[themewagon.github.io/unfold/images/person_man_1.jpg]
[themewagon.github.io/unfold/images/person_man_2.jpg]
[themewagon.github.io/unfold/images/person_woman_1.jpg]
[themewagon.github.io/unfold/blog-single.html]
[themewagon.github.io/unfold/images/post_1.jpg]
[themewagon.github.io/unfold/images/post_2.jpg]
[themewagon.github.io/unfold/images/post_3.jpg]
[themewagon.github.io/unfold/images/post_4.jpg]
[themewagon.github.io/unfold/images/post_5.jpg]
[themewagon.github.io/unfold/js/scripts-dist.js]
[themewagon.github.io/unfold/js/main.js]
[themewagon.github.io/unfold/index.html]
[themewagon.github.io/unfold/css/vendor/icomoon/fonts/icomoon1a44.eot]
[themewagon.github.io/unfold/css/vendor/icomoon/fonts/icomoon1a44.ttf]
[themewagon.github.io/unfold/css/vendor/icomoon/fonts/icomoon1a44.woff]
[themewagon.github.io/unfold/css/vendor/icomoon/style.css]
[themewagon.github.io/unfold/css/vendor/icomoon/fonts/icomoon1a44.svg]
[themewagon.github.io/unfold/css/vendor/owl.video.play.png]
[themewagon.github.io/unfold/css/vendor/owl.carousel.min.css]
[themewagon.github.io/unfold/css/vendor/animate.min.css]
[themewagon.github.io/unfold/css/vendor/aos.css]
[themewagon.github.io/unfold/css/vendor/bootstrap.min.css]
[themewagon.github.io/unfold/css/vendor/jquery.fancybox.min.css]
[themewagon.github.io/unfold/images/dotted_light.png]
[themewagon.github.io/unfold/css/style.css]
[themewagon.github.io/unfold/index-2.html]
[themewagon.github.io/unfold/index-video.html]
[themewagon.github.io/unfold/index-hero-slider.html]
[themewagon.github.io/unfold/index-sidebar-menu.html]
[themewagon.github.io/unfold/index-right-menu.html]
[themewagon.github.io/unfold/images/work_1_full.jpg]
[themewagon.github.io/unfold/images/work_1_a_full.jpg]
[themewagon.github.io/unfold/portfolio-single-1.html]
[themewagon.github.io/unfold/images/work_2_full.jpg]
[themewagon.github.io/unfold/images/work_2_a_full.jpg]
[themewagon.github.io/unfold/images/work_2_b_full.jpg]
[themewagon.github.io/unfold/portfolio-single-3.html]
[themewagon.github.io/unfold/images/work_3_a_full.jpg]
[themewagon.github.io/unfold/images/work_3_full.jpg]
[themewagon.github.io/unfold/portfolio-single-4.html]
[themewagon.github.io/unfold/portfolio-single-2.html]
[themewagon.github.io/unfold/images/svg/001-options.svg]
[themewagon.github.io/unfold/images/svg/002-chat.svg]
[themewagon.github.io/unfold/images/svg/003-contact-book.svg]
[themewagon.github.io/unfold/images/svg/004-percentage.svg]
[themewagon.github.io/unfold/images/svg/006-goal.svg]
[themewagon.github.io/unfold/images/svg/005-line-chart.svg]
[themewagon.github.io/unfold/images/person_woman_2.jpg]
[themewagon.github.io/unfold/images/person_man_3.jpg]
[themewagon.github.io/unfold/images/person_woman_3.jpg]
[themewagon.github.io/unfold/blog-single.html]
[themewagon.github.io/unfold/css/vendor/icomoon/fonts/icomoon1a44.svg]
[themewagon.github.io/unfold/css/vendor/owl.video.play.html]
